// Jest Snapshot v1, https://goo.gl/fbAQLP

exports[`<RoundedButton /> renders correctly 1`] = `
<button
  className="ui-btn ui-btn--rounded"
  type="button"
/>
`;
